// Vitest Snapshot v1, https://vitest.dev/guide/snapshot.html

exports[`mergeTracks > should properly merge tracks in beelzeboss 1`] = `
"[0 - 79] I AM COMPLETE!
[146 - 193] YES YOU ARE FUCKED
[193 - 228] SHIT OUT OF LUCK!
[228 - 262] NOW I'M COMPLETE
[262 - 301] AND MY COCK YOU WILL SUCK!
[301 - 339] THIS WORLD WILL BE MINE
[339 - 373] AND YOUR FIRST IN LINE!
[373 - 407] YOU BROUGHT ME THE PICK
[407 - 454] AND NOW YOU SHALL BOTH DIE!
[485 - 527] Wa~it
[527 - 550] Wa~it
[550 - 594] you motherfucker~
[594 - 654] we challenge you~
[654 - 701] to a rock off~
[739 - 791] Give us one chance
[791 - 846] to rock your socks off
[873 - 908] FUCK!
[908 - 942] FUCK!
[946 - 993] FUCK
[993 - 1059] THE DEMON CODE PREVENTS ME
[1059 - 1133] FROM DECLINING A ROCK OFF CHALLENGE!
[1133 - 1201] WHAT ARE YOUR TERMS?
[1201 - 1260] WHAT'S THE CASH?~~
[1286 - 1339] If we win
[1339 - 1381] you must take
[1381 - 1424] your sorry ass~
[1424 - 1453] back to hell~
[1471 - 1512] and also
[1512 - 1572] you will have to pay
[1572 - 1621] our rent
[1664 - 1722] AND WHAT IF I WIN?
[1758 - 1844] Then you can take Kage back to hell
[1859 - 1889] What!?
[1889 - 1918] Trust me Kage
[1918 - 1955] it's the only way
[1955 - 1982] What are you talkin about
[1982 - 2056] To be your little~ bitch
[2074 - 2139] LET THE ROCK OFF BEGIN
[2139 - 2207] WUAHAHAHA!
[2278 - 2332] I'M THE DEVIL
[2332 - 2370] I LOVE METAL!
[2423 - 2468] CHECK THIS RIFF
[2468 - 2514] IT'S FUCKIN TASTY!
[2577 - 2615] I'M THE DEVIL
[2615 - 2657] I CAN DO WHAT I WANT~~
[2657 - 2695] WHATEVER I'VE GOT
[2695 - 2729] I'M GONNA FLAUNT!~~
[2729 - 2774] THERE'S NEVER BEEN A ROCK OFF
[2774 - 2816] THAT I'VE EVER LOST!
[2865 - 2914] I CAN'T WAIT TO TAKE
[2914 - 2949] KAGE BACK TO HELL~~
[2949 - 2992] I'M GONNA FILL HIM WITH MA HOT
[2992 - 3022] DEMON GEL!~~
[3022 - 3049] I'LL MAKE HIM SQUEAL
[3049 - 3104] LIKE THE SCARLET PIMPERNEL!~~
[3151 - 3194] NOOOO!
[3236 - 3270] C'mon Kage
[3270 - 3308] let's fight his music
[3308 - 3346] with our music
[3346 - 3413] There's just no way that we can win
[3413 - 3455] that was a masterpiece
[3455 - 3469] Listen me
[3469 - 3494] He rocks too hard
[3494 - 3547] because he's not a mortal man
[3547 - 3569] God dammit Kage
[3569 - 3630] he gonna make you his sex slave
[3630 - 3678] your gonna gargle Mayonnaise
[3678 - 3690] Noo
[3690 - 3726] Unless we bust a massive
[3726 - 3768] monster mamajam
[3768 - 3791] Dude
[3791 - 3842] we've been through so much shit
[3842 - 3885] Deactivated lasers
[3885 - 3905] with my dick
[3905 - 3943] Now it's time to blow
[3943 - 3990] this fucker down~~
[4004 - 4040] C'mon Kage
[4040 - 4079] now it's time to blow doors down
[4079 - 4102] I hear you Jables
[4102 - 4143] now it's time to blow doors down
[4143 - 4163] Light up the stage
[4163 - 4200] cuz its time for a showdown
[4200 - 4225] We'll bend you over
[4225 - 4261] then we'll take ya to brown town
[4261 - 4301] Now we've got to blow
[4301 - 4329] this fucker down
[4329 - 4349] He's gonna rape me
[4349 - 4387] if we do not blow doors down
[4387 - 4409] C'mon Kage
[4409 - 4446] cuz it's time to blow doors down
[4446 - 4474] Oooooooh we piledrive ya
[4474 - 4498] It's time for the black out
[4498 - 4526] Hey antichrister
[4526 - 4551] Beelzeboss
[4551 - 4585] we know your weakness
[4585 - 4619] our rocketsau~ce
[4619 - 4650] we rock the casbah
[4650 - 4672] and blow your mind
[4672 - 4709] we will defeat you
[4709 - 4738] for all mankind
[4738 - 4771] you hold the scepter
[4771 - 4798] we hold the key
[4798 - 4831] you are the devil
[4831 - 4864] we are the D
[4864 - 4882] We are the D
[4882 - 4897] we are the D
[4897 - 4914] we are the D
[4914 - 4929] we are the D
[4929 - 4945] we are the D
[4945 - 4960] we are the D
[4960 - 4975] we are the D
[4975 - 4990] we are the D
[4990 - 5006] we are the D
[5006 - 5022] we are the D
[5022 - 5037] we are the D
[5037 - 5053] we are the D
[5053 - 5067] we are the D
[5067 - 5083] we are the D
[5083 - 5098] we are the D
[5098 - 5115] we are the D
[5115 - 5132] we are the D
[5168 - 5218] YOU GUYS ARE FUCKIN LAME
[5218 - 5256] COME ON KAGE YOUR COMIN WITH ME
[5265 - 5328] TASTE MY LIGHTNING FUCKER!
[5368 - 5415] OW FUCK!
[5415 - 5447] MY FUCKIN HORN!
[5471 - 5512] From whence you came
[5512 - 5541] you shall remain
[5541 - 5567] until you are
[5567 - 5596] complete again
[5838 - 5886] FUCK YOU KAGE
[5886 - 5929] AND FUCK YOU JABLES
[5932 - 6055] I'LL GET YOU TENACIOUS D!!"
`;

exports[`mergeTracks > should properly merge tracks in dosko 1`] = `
"[0 - 28] Potężna
[28 - 41] Wichura
[41 - 70] Łamiąc duże drzewa
[70 - 128] Trzciną zaledwie tylko kołysze
[128 - 146] Uważaj
[146 - 160] Uważaj
[160 - 176] Uważaj
[176 - 191] Uważaj
[191 - 205] Uważaj
[205 - 219] Uważaj
[219 - 233] Uważaj
[233 - 247] Uważaj
[247 - 278] Tak wiem zdrady nie będzie
[278 - 307] Zmiłowania łaski nie będzie
[307 - 335] Tak wiem dziś nasza kolej
[335 - 364] Już ustawiony sprzęt jest na stole
[388 - 430] I dosko się czuję
[445 - 487] I wszystko kapuję
[506 - 545] Na lekkiej fazie
[559 - 600] Wciąż trybię i jarzę
[617 - 664] I dosko się czuję
[675 - 722] I wszystko kapuję
[731 - 779] I na lekkiej fazie
[789 - 837] Wciąż trybię i jarzę
[847 - 895] Wciąż trybię i jarzę
[895 - 917] Potężna
[917 - 930] Wichura
[930 - 959] Łamiąc duże drzewa
[959 - 1017] Trzciną zaledwie tylko kołysze
[1017 - 1051] Siwy dym i białe sadze
[1051 - 1080] Będzie dzisiaj kamikadze
[1080 - 1109] Tak wiem będą jasełka
[1109 - 1137] Wszyscy gotowi i nikt nie pęka
[1137 - 1159] Kamień na kamieniu
[1159 - 1188] Tutaj nie zostanie
[1188 - 1217] My królowie mety
[1217 - 1246] Zryjemy berety
[1276 - 1322] I dosko się czuję
[1334 - 1380] I wszystko kapuję
[1390 - 1438] I na lekkiej fazie
[1491 - 1519] Potężna
[1519 - 1532] Wichura
[1532 - 1561] Łamiąc duże drzewa
[1561 - 1619] Trzciną zaledwie tylko kołysze
[1619 - 1654] Jakie życie morał taki
[1654 - 1681] Dawaj w palnik i bez draki
[1681 - 1710] Bo jak przyjdzie co do czego
[1710 - 1740] To już będziesz do niczego
[1740 - 1767] No to ja poproszę Colę
[1781 - 1822] Dzisiaj poproszę Colę
[1838 - 1879] Jednak poproszę Colę
[1892 - 1932] Ja poproszę Colę
[1964 - 2012] A ja chcę nerwosol!"
`;

exports[`mergeTracks > should properly merge tracks in queens bohemian rhapsody 1`] = `
"[0 - 82] Is this the real life?
[85 - 165] Is this just fantasy?
[165 - 251] Caught in a landslide
[251 - 342] No escape from reality
[342 - 412] Open your eyes
[412 - 587] Look up to the skies and see
[587 - 660] I'm just a poor boy
[660 - 723] I need no sympathy
[723 - 772] Easy come
[772 - 809] Easy go
[809 - 847] Little high
[847 - 884] Little low
[884 - 964] Any way the wind~blows
[964 - 1039] Doesn't really matter
[1083 - 1164] To~me
[1257 - 1321] Mama
[1324 - 1391] Just killed a man
[1402 - 1478] Put a gun against his head
[1478 - 1560] Pulled my trigger now he's dead
[1565 - 1626] Mama
[1626 - 1713] Life had just begun
[1713 - 1776] But now I've gone and
[1776 - 1873] Thrown it all away
[1875 - 1953] Mama
[1953 - 2030] Ooh~~~
[2030 - 2113] Didn't mean to make you cry
[2113 - 2174] If I'm not back again
[2174 - 2222] This time tomorrow
[2222 - 2265] Carry on
[2265 - 2306] Carry on
[2306 - 2393] As if nothing really matters
[2608 - 2662] Too late
[2673 - 2744] My time has come
[2751 - 2827] Sends shivers down my spine
[2827 - 2913] Bodies aching all the time~
[2913 - 2983] Goodbye everybody
[2983 - 3069] I've got to go
[3069 - 3141] Got to leave you all behind
[3141 - 3219] And face the truth
[3223 - 3301] Mama
[3301 - 3381] Ooh~~~
[3381 - 3456] I don't wanna die
[3456 - 3513] I sometimes wish I'd
[3513 - 3578] Never been born at all~
[4223 - 4310] I see a little silhouetto of a man
[4326 - 4345] Scaramouche
[4371 - 4427] Thunderbolt and lightning
[4427 - 4472] Very, very fright'ning me
[4472 - 4494] Galileo
[4494 - 4530] Galileo
[4530 - 4575] Galileo figaro
[4575 - 4619] Magnifico
[4619 - 4660] I'm just a poor boy
[4660 - 4697] Nobody loves me
[4733 - 4767] From a poor family
[4767 - 4832] Spare him his life from this monstrosity
[4856 - 4892] Easy come
[4892 - 4914] Easy go
[4914 - 4943] Will you let me go?
[4988 - 5053] Let him go
[5061 - 5130] Let him go
[5132 - 5170] Let me go
[5174 - 5231] Never, never, never, never
[5231 - 5283] Let me go
[5314 - 5356] Oh mama mia
[5356 - 5382] Mama mia
[5388 - 5480] Beelzebub has a devil put aside
[5480 - 5516] For me~~
[5516 - 5554] For me~~
[5554 - 5637] For me
[5792 - 5860] So you think you can stone me
[5860 - 5919] And spit in my eye~~
[5932 - 5998] So you think you can love me
[5998 - 6051] And leave me to die~~
[6051 - 6135] Oh baby~
[6135 - 6216] Can't do this to me baby~
[6216 - 6257] Just gotta get out
[6257 - 6333] Just gotta get right outta here~
[6703 - 6831] Ooh ooh ooh
[6831 - 6904] Ooh yeah, ooh yeah
[7087 - 7173] Nothing really matters
[7173 - 7260] Anyone can see
[7260 - 7330] Nothing really matters
[7336 - 7415] Nothing really matters
[7415 - 7529] To me
[7795 - 7911] Any way the wind blows"
`;
