// Vitest Snapshot v1, https://vitest.dev/guide/snapshot.html

exports[`convertSongToTxt > should properly convert the song 1`] = `
"#ID:multitrack
#ARTIST:E2ETest
#TITLE:Multitrack
#BPM:350
#REALBPM:100
#YEAR:1994
#VIDEOID:W9nZ6u15yis
#LANGUAGE:Polish
#GAP:1000
#TRACKNAMES:[null,"test track 2"]
#SOMEPROP: some value
#SOMEPROP2: some value2
: 5 10 9 Second 
* 20 10 10 Third 
- 40
: 50 10 11 Fourth 
: 80 10 9 Seventh 
- 100 120
- 130
: 140 10 10 Eight 
: 5 10 11 First 
: 16 9 9 Second 
: 30 10 10 Third 
- 50
: 60 10 11 Fourth 
: 75 10 12 Fifth 
: 90 10 9 Seventh 
- 110 130
- 140
: 150 10 9 Eight 
: 165 10 10 Nine 
E"
`;
